// Jest Snapshot v1, https://goo.gl/fbAQLP

exports[`foo 1`] = `"blabla"`;
